// Jest Snapshot v1, https://goo.gl/fbAQLP

exports[`TaskSearchForm component renders with given state from mocked Redux store 1`] = `
<form
  className="search-form"
  onSubmit={[Function]}
>
  <svg
    aria-hidden="true"
    className="search-form__search-icon"
    height="14"
    width="14"
  >
    <path
      d="M10.006 8.805h-.633l-.224-.216a5.18 5.18 0 001.257-3.386 5.203 5.203 0 10-5.203 5.203 5.18 5.18 0 003.386-1.257l.216.224v.633L12.807 14 14 12.807l-3.994-4.002zm-4.803 0a3.597 3.597 0 01-3.602-3.602 3.597 3.597 0 013.602-3.602 3.597 3.597 0 013.602 3.602 3.597 3.597 0 01-3.602 3.602z"
    />
  </svg>
  <input
    aria-label="Быстрый поиск"
    className="search-form__input"
    id="search-query"
    name="search-query"
    onChange={[Function]}
    placeholder="Искать"
    type="text"
    value=""
  />
</form>
`;
